Epoch, Train Loss, Validation Loss
1, 11388666.0463, 185162.2734
2, 143010.7275, 37646.0977
3, 48957.8740, 91710.3906
4, 177785.8877, 11616.2788
5, 131565.2897, 229.6656
6, 390.7288, 229.8542
7, 149.5843, 360.1687
8, 250.1580, 229.7145
9, 190.3672, 229.4734
10, 172.9894, 229.1443
11, 187.4328, 228.7564
12, 189.5571, 228.3099
13, 195.0078, 227.8195
14, 214.7921, 227.2915
15, 210.5136, 226.7239
16, 174.1406, 226.1299
17, 191.4030, 225.5287
18, 203.1758, 224.9067
19, 150.7321, 224.2739
20, 158.3928, 223.6609
21, 164.4748, 223.0440
22, 205.4704, 222.4080
23, 187.6736, 221.7325
24, 193.9019, 221.0377
25, 152.5447, 220.3253
26, 152.0199, 219.6287
27, 176.8301, 218.9476
28, 168.8171, 218.2544
29, 184.1473, 217.5457
30, 181.0390, 216.7983
31, 205.8939, 216.0269
32, 171.8432, 215.2400
33, 160.4854, 214.4593
34, 187.4875, 213.6806
35, 190.4091, 212.8880
36, 162.7927, 212.0787
37, 133.5044, 211.2923
38, 142.8389, 210.5466
39, 173.4708, 209.8084
40, 232.2682, 209.0300
41, 173.4818, 208.1964
42, 166.8099, 207.3601
43, 158.9685, 206.5262
44, 177.4377, 205.6888
45, 175.4161, 204.8399
46, 156.7825, 203.9863
47, 179.2187, 203.1327
48, 179.8887, 202.2620
49, 146.4669, 201.3820
50, 142.1619, 200.5401
51, 189.2281, 199.7088
52, 137.5364, 198.8516
53, 149.3939, 198.0220
54, 148.0675, 197.1889
55, 131.9815, 196.3627
56, 138.4821, 195.5601
57, 159.0255, 194.7541
58, 164.4030, 193.9156
59, 198.1031, 193.0396
60, 171.1681, 192.1291
61, 160.8919, 191.2174
62, 155.6858, 190.3231
63, 150.4030, 189.4435
64, 147.7746, 188.5584
65, 162.7111, 187.6774
66, 137.8733, 186.7937
67, 128.9331, 185.9393
68, 136.5119, 185.1075
69, 134.1390, 184.2899
70, 129.4455, 183.4781
71, 139.4479, 182.6724
72, 164.6309, 181.8534
73, 142.6962, 180.9861
74, 138.2108, 180.1190
75, 134.6143, 179.2583
76, 144.2025, 178.4137
77, 176.4258, 177.5650
78, 137.2667, 176.6924
79, 138.9464, 175.8284
80, 135.4488, 174.9665
81, 156.0216, 174.1190
82, 134.0162, 173.2548
83, 136.9867, 172.4000
84, 141.8278, 171.5398
85, 167.4728, 170.6707
86, 151.8563, 169.7702
87, 138.5344, 168.8699
88, 134.3701, 168.0071
89, 156.3732, 167.1477
90, 127.4378, 166.2667
91, 140.4778, 165.4072
92, 154.4452, 164.5344
93, 122.9799, 163.6562
94, 138.9921, 162.8218
95, 141.2237, 161.9769
96, 127.9738, 161.1304
97, 117.3376, 160.3262
98, 126.4299, 159.5390
99, 132.4244, 158.7564
100, 117.5485, 157.9586
101, 120.5819, 157.1755
102, 133.4748, 156.4075
103, 126.7730, 155.6360
104, 130.3404, 154.8402
105, 112.7585, 154.0553
106, 119.9817, 153.3053
107, 134.8448, 152.5497
108, 112.1650, 151.7891
109, 105.3349, 151.0506
110, 113.4529, 150.3236
111, 120.4259, 149.6000
112, 110.5782, 148.8843
113, 111.9591, 148.1772
114, 128.9732, 147.4607
115, 107.1252, 146.7337
116, 118.1535, 146.0261
117, 120.6779, 145.2977
118, 99.1380, 144.5937
119, 125.4649, 143.9095
120, 101.4131, 143.2173
121, 111.2546, 142.5504
122, 109.7051, 141.8835
123, 146.8433, 141.2065
124, 139.8769, 140.4768
125, 111.3058, 139.7202
126, 122.2514, 138.9832
127, 109.8004, 138.2554
128, 121.3723, 137.5332
129, 106.5527, 136.8178
130, 122.2209, 136.1235
131, 97.5837, 135.4266
132, 126.5753, 134.7506
133, 100.7750, 134.0559
134, 106.2249, 133.3930
135, 112.0224, 132.7284
136, 97.7528, 132.0647
137, 86.8367, 131.4408
138, 92.3801, 130.8619
139, 111.3424, 130.2981
140, 123.3421, 129.7121
141, 115.2908, 129.0737
142, 113.9786, 128.4317
143, 103.5099, 127.7900
144, 96.1517, 127.1561
145, 113.5930, 126.5508
146, 112.2791, 125.9238
147, 114.3085, 125.2782
148, 111.7424, 124.6270
149, 97.2525, 123.9900
150, 103.5380, 123.3849
151, 94.1441, 122.7951
152, 97.9757, 122.2179
153, 85.9730, 121.6498
154, 102.2182, 121.1076
155, 90.7591, 120.5485
156, 104.4804, 119.9918
157, 89.3614, 119.4129
158, 118.4273, 118.8565
159, 105.1412, 118.2533
160, 109.2570, 117.6533
161, 112.6020, 117.0500
162, 102.0061, 116.4545
163, 110.2282, 115.8704
164, 94.1944, 115.2770
165, 89.1962, 114.7337
166, 87.3139, 114.2036
167, 81.5177, 113.7072
168, 91.4439, 113.2387
169, 85.5669, 112.7789
170, 104.1452, 112.3080
171, 93.4538, 111.8232
172, 85.3151, 111.3425
173, 85.6632, 110.8983
174, 87.7285, 110.4533
175, 94.7598, 110.0075
176, 89.6962, 109.5724
177, 82.6517, 109.1232
178, 91.3363, 108.6779
179, 78.3818, 108.2593
180, 82.8312, 107.8628
181, 85.5160, 107.4499
182, 79.9482, 107.0401
183, 75.5257, 106.6486
184, 105.3892, 106.2694
185, 100.1091, 105.8591
186, 95.7858, 105.4106
187, 86.1462, 104.9706
188, 88.5544, 104.5178
189, 94.7389, 104.0568
190, 88.8043, 103.6068
191, 103.7101, 103.1427
192, 94.3131, 102.6808
193, 83.7808, 102.2191
194, 77.6254, 101.7905
195, 99.1152, 101.3991
196, 99.2352, 100.9937
197, 80.2984, 100.5799
198, 90.3634, 100.1928
199, 82.8623, 99.7952
200, 80.4290, 99.3957
201, 79.0458, 99.0145
202, 90.7687, 98.6404
203, 87.9937, 98.2629
204, 79.1387, 97.8936
205, 82.9930, 97.5345
206, 71.9113, 97.1795
207, 88.6853, 96.8355
208, 92.0284, 96.4879
209, 90.7811, 96.1252
210, 90.2755, 95.7440
211, 76.5057, 95.3592
212, 74.8110, 95.0063
213, 72.7180, 94.6904
214, 82.4295, 94.3918
215, 81.8662, 94.0791
216, 87.1890, 93.7918
217, 75.4687, 93.5232
218, 71.3670, 93.2609
219, 75.7909, 93.0290
220, 97.0581, 92.7516
221, 70.0892, 92.4352
222, 77.9242, 92.1513
223, 73.4654, 91.8661
224, 81.6741, 91.6025
225, 93.7483, 91.3306
226, 74.6596, 91.0433
227, 73.3724, 90.7934
228, 80.2665, 90.5563
229, 84.5648, 90.3110
230, 75.7020, 90.0570
231, 73.9608, 89.8234
232, 79.5058, 89.5814
233, 76.7640, 89.3297
234, 78.4408, 89.0671
235, 85.3192, 88.8041
236, 97.1702, 88.5240
237, 73.7740, 88.2229
238, 81.1145, 87.9365
239, 71.8320, 87.6773
240, 83.2239, 87.4276
241, 79.0753, 87.1688
242, 74.5887, 86.8990
243, 75.9984, 86.6464
244, 80.3117, 86.3840
245, 79.8789, 86.1159
246, 68.5978, 85.8528
247, 80.6235, 85.6077
248, 73.1215, 85.3747
249, 84.1130, 85.1599
250, 68.8933, 84.9100
251, 76.4005, 84.6734
252, 90.3752, 84.4262
253, 75.6657, 84.1460
254, 82.0319, 83.8754
255, 70.4487, 83.6120
256, 72.6637, 83.3667
257, 71.6448, 83.1295
258, 75.7881, 82.9021
259, 86.7630, 82.6612
260, 72.0723, 82.4096
261, 91.3101, 82.1564
262, 91.1880, 81.8797
263, 77.0736, 81.5968
264, 85.5995, 81.3248
265, 71.7125, 81.0614
266, 82.0013, 80.8282
267, 82.1765, 80.5965
268, 82.5033, 80.3634
269, 77.4142, 80.1353
270, 78.9748, 79.9076
271, 86.3532, 79.6992
272, 71.8631, 79.5021
273, 79.3614, 79.3208
274, 82.2654, 79.1191
275, 69.3341, 78.9272
276, 75.7516, 78.7359
277, 78.0768, 78.5321
278, 70.8959, 78.3496
279, 71.5701, 78.1697
280, 79.6307, 77.9764
281, 67.1863, 77.7908
282, 70.4201, 77.6455
283, 79.2303, 77.4944
284, 67.9014, 77.3205
285, 67.8197, 77.1790
286, 73.1720, 77.0333
287, 81.5856, 76.8730
288, 72.8736, 76.6955
289, 73.6700, 76.5112
290, 70.4249, 76.3495
291, 83.6511, 76.1970
292, 66.6459, 76.0278
293, 73.3386, 75.8922
294, 74.5867, 75.7593
295, 73.4334, 75.6111
296, 69.1168, 75.4490
297, 73.5852, 75.2896
298, 68.9179, 75.1338
299, 80.5083, 74.9757
300, 87.0096, 74.8126
301, 73.8848, 74.6338
302, 90.4942, 74.4585
303, 70.5631, 74.2761
304, 68.6310, 74.1143
305, 68.0138, 73.9944
306, 77.0399, 73.8782
307, 74.9594, 73.7476
308, 78.2318, 73.6297
309, 70.9542, 73.5327
310, 69.5654, 73.4424
311, 70.3423, 73.3670
312, 68.8240, 73.3274
313, 69.1927, 73.2773
314, 73.9333, 73.2109
315, 65.3798, 73.1251
316, 69.6153, 73.0519
317, 76.8438, 72.9594
318, 75.1311, 72.8691
319, 74.0935, 72.7755
320, 75.6597, 72.6442
321, 80.3218, 72.5065
322, 67.4106, 72.4078
323, 76.6989, 72.3234
324, 70.0582, 72.2409
325, 65.3839, 72.1607
326, 76.1577, 72.0637
327, 75.6179, 71.9675
328, 66.7605, 71.8791
329, 66.0818, 71.8150
330, 65.2168, 71.7590
331, 68.6632, 71.6682
332, 71.3064, 71.5486
333, 72.8356, 71.4299
334, 79.8777, 71.3317
335, 67.8294, 71.2295
336, 74.0900, 71.1544
337, 69.6895, 71.0938
338, 75.5090, 71.0400
339, 68.3047, 70.9579
340, 75.3816, 70.8718
341, 67.3340, 70.7948
342, 69.8723, 70.7343
343, 66.2456, 70.6898
344, 70.5214, 70.6313
345, 68.3886, 70.5775
346, 74.6146, 70.5396
347, 68.6174, 70.4927
348, 68.3552, 70.4663
349, 66.2191, 70.4301
350, 69.5860, 70.4129
351, 69.6712, 70.3909
352, 70.4340, 70.3525
353, 71.9668, 70.3219
354, 71.2627, 70.2773
355, 75.6920, 70.2306
356, 67.6834, 70.1818
357, 73.8070, 70.1464
358, 90.4072, 70.0919
359, 85.6372, 69.9905
360, 76.2891, 69.8559
361, 82.5732, 69.7056
362, 64.6964, 69.5715
363, 75.8714, 69.4882
364, 78.1697, 69.4027
365, 74.2250, 69.2877
366, 74.0168, 69.1755
367, 68.2662, 69.0806
368, 80.3533, 68.9987
369, 73.9509, 68.9194
370, 71.1433, 68.8310
371, 73.4255, 68.7600
372, 79.5510, 68.6937
373, 84.1994, 68.6200
374, 74.2885, 68.5190
375, 78.3060, 68.4308
376, 77.7506, 68.3165
377, 76.1124, 68.2050
378, 65.1347, 68.1202
379, 67.1446, 68.0693
380, 64.6856, 68.0277
381, 71.9444, 68.0065
382, 75.8604, 68.0031
383, 73.4735, 67.9819
384, 69.4531, 67.9284
385, 71.9244, 67.8925
386, 63.9143, 67.8578
387, 66.1201, 67.8267
388, 79.0285, 67.7669
389, 72.3286, 67.6899
390, 76.4577, 67.6098
391, 74.3726, 67.5466
392, 66.5513, 67.4868
393, 72.1179, 67.4124
394, 75.8174, 67.3313
395, 70.2639, 67.2330
396, 72.1659, 67.1387
397, 70.7857, 67.0846
398, 71.3639, 67.0229
399, 66.6997, 66.9781
400, 66.8507, 66.9330
401, 82.2750, 66.9094
402, 69.2510, 66.8608
403, 75.6183, 66.8027
404, 77.1490, 66.7287
405, 72.5247, 66.6581
406, 64.6633, 66.6128
407, 85.0918, 66.5729
408, 67.5871, 66.5271
409, 73.8638, 66.4687
410, 68.1363, 66.4184
411, 85.7635, 66.3758
412, 65.7997, 66.3272
413, 67.3009, 66.2622
414, 67.3677, 66.1987
415, 76.7102, 66.1652
416, 77.4525, 66.1245
417, 79.2592, 66.0721
418, 73.7774, 66.0000
419, 74.9157, 65.9148
420, 69.7500, 65.8522
421, 74.9259, 65.8210
422, 70.8896, 65.7943
423, 67.6417, 65.7815
424, 76.9184, 65.7782
425, 74.5214, 65.7565
426, 80.4764, 65.7300
427, 78.1642, 65.7167
428, 70.7054, 65.7199
429, 69.8403, 65.7372
430, 70.3691, 65.7721
431, 77.8536, 65.7903
432, 72.8029, 65.7825
433, 71.1402, 65.7838
434, 67.2103, 65.7824
435, 71.6854, 65.8003
436, 78.0933, 65.7716
437, 65.6553, 65.7236
Test RMSE: 7.4157, MAE: 1.1170
